0 verbose cli C:\Users\thoma\Documents\New project\node-v20.19.0-win-x64\node.exe C:\Users\thoma\Documents\New project\node-v20.19.0-win-x64\node_modules\npm\bin\npm-cli.js
1 info using npm@10.8.2
2 info using node@v20.19.0
3 silly config load:file:C:\Users\thoma\Documents\New project\node-v20.19.0-win-x64\node_modules\npm\npmrc
4 silly config load:file:C:\Users\thoma\Documents\New project\web\.npmrc
5 silly config load:file:C:\Users\thoma\.npmrc
6 silly config load:file:C:\Users\thoma\Documents\New project\node-v20.19.0-win-x64\etc\npmrc
7 verbose title npm install three @react-three/fiber @react-three/drei
8 verbose argv "install" "three" "@react-three/fiber" "@react-three/drei"
9 verbose logfile logs-max:10 dir:C:\Users\thoma\Documents\New project\.npm-cache\_logs\2026-04-25T08_41_11_125Z-
10 verbose logfile C:\Users\thoma\Documents\New project\.npm-cache\_logs\2026-04-25T08_41_11_125Z-debug-0.log
11 silly packumentCache heap:4345298944 maxSize:1086324736 maxEntrySize:543162368
12 silly logfile done cleaning log files
13 silly idealTree buildDeps
14 silly fetch manifest three@*
15 silly packumentCache full:https://registry.npmjs.org/three cache-miss
16 http fetch GET 200 https://registry.npmjs.org/three 384ms (cache miss)
17 silly packumentCache full:https://registry.npmjs.org/three set size:undefined disposed:false
18 silly fetch manifest @react-three/fiber@*
19 silly packumentCache full:https://registry.npmjs.org/@react-three%2ffiber cache-miss
20 http fetch GET 200 https://registry.npmjs.org/@react-three%2ffiber 739ms (cache miss)
21 silly packumentCache full:https://registry.npmjs.org/@react-three%2ffiber set size:undefined disposed:false
22 silly fetch manifest expo@>=43.0
23 silly packumentCache full:https://registry.npmjs.org/expo cache-miss
24 http fetch GET 200 https://registry.npmjs.org/expo 104ms (cache miss)
25 silly packumentCache full:https://registry.npmjs.org/expo set size:undefined disposed:false
26 silly fetch manifest @expo/dom-webview@*
27 silly packumentCache full:https://registry.npmjs.org/@expo%2fdom-webview cache-miss
28 http fetch GET 200 https://registry.npmjs.org/@expo%2fdom-webview 249ms (cache miss)
29 silly packumentCache full:https://registry.npmjs.org/@expo%2fdom-webview set size:undefined disposed:false
30 silly fetch manifest react@^19.2.5
31 silly packumentCache full:https://registry.npmjs.org/react cache-miss
32 http fetch GET 200 https://registry.npmjs.org/react 19ms (cache hit)
33 silly packumentCache full:https://registry.npmjs.org/react set size:6625721 disposed:false
34 silly fetch manifest react-native@*
35 silly packumentCache full:https://registry.npmjs.org/react-native cache-miss
36 http fetch GET 200 https://registry.npmjs.org/react-native 218ms (cache miss)
37 silly packumentCache full:https://registry.npmjs.org/react-native set size:undefined disposed:false
38 silly fetch manifest @types/react@^19.2.14
39 silly packumentCache full:https://registry.npmjs.org/@types%2freact cache-miss
40 http fetch GET 200 https://registry.npmjs.org/@types%2freact 24ms (cache hit)
41 silly packumentCache full:https://registry.npmjs.org/@types%2freact set size:2588964 disposed:false
42 silly fetch manifest @expo/metro-runtime@*
43 silly packumentCache full:https://registry.npmjs.org/@expo%2fmetro-runtime cache-miss
44 http fetch GET 200 https://registry.npmjs.org/@expo%2fmetro-runtime 57ms (cache miss)
45 silly packumentCache full:https://registry.npmjs.org/@expo%2fmetro-runtime set size:undefined disposed:false
46 silly fetch manifest react-dom@^19.2.5
47 silly packumentCache full:https://registry.npmjs.org/react-dom cache-miss
48 http fetch GET 200 https://registry.npmjs.org/react-dom 22ms (cache hit)
49 silly packumentCache full:https://registry.npmjs.org/react-dom set size:8826021 disposed:false
50 silly fetch manifest react-native-webview@*
51 silly packumentCache full:https://registry.npmjs.org/react-native-webview cache-miss
52 http fetch GET 200 https://registry.npmjs.org/react-native-webview 63ms (cache miss)
53 silly packumentCache full:https://registry.npmjs.org/react-native-webview set size:undefined disposed:false
54 silly fetch manifest expo-asset@>=8.4
55 silly packumentCache full:https://registry.npmjs.org/expo-asset cache-miss
56 http fetch GET 200 https://registry.npmjs.org/expo-asset 48ms (cache miss)
57 silly packumentCache full:https://registry.npmjs.org/expo-asset set size:undefined disposed:false
58 silly fetch manifest expo-file-system@>=11.0
59 silly packumentCache full:https://registry.npmjs.org/expo-file-system cache-miss
60 http fetch GET 200 https://registry.npmjs.org/expo-file-system 55ms (cache miss)
61 silly packumentCache full:https://registry.npmjs.org/expo-file-system set size:undefined disposed:false
62 silly fetch manifest expo-gl@>=11.0
63 silly packumentCache full:https://registry.npmjs.org/expo-gl cache-miss
64 http fetch GET 200 https://registry.npmjs.org/expo-gl 209ms (cache miss)
65 silly packumentCache full:https://registry.npmjs.org/expo-gl set size:undefined disposed:false
66 silly fetch manifest react-native-reanimated@*
67 silly packumentCache full:https://registry.npmjs.org/react-native-reanimated cache-miss
68 http fetch GET 200 https://registry.npmjs.org/react-native-reanimated 142ms (cache miss)
69 silly packumentCache full:https://registry.npmjs.org/react-native-reanimated set size:undefined disposed:false
70 silly fetch manifest react-native@0.81 - 0.85
71 silly packumentCache full:https://registry.npmjs.org/react-native cache-miss
72 http fetch GET 200 https://registry.npmjs.org/react-native 43ms (cache hit)
73 silly packumentCache full:https://registry.npmjs.org/react-native set size:15177932 disposed:false
74 silly fetch manifest @react-native/jest-preset@0.85.2
75 silly packumentCache full:https://registry.npmjs.org/@react-native%2fjest-preset cache-miss
76 http fetch GET 200 https://registry.npmjs.org/@react-native%2fjest-preset 48ms (cache miss)
77 silly packumentCache full:https://registry.npmjs.org/@react-native%2fjest-preset set size:undefined disposed:false
78 silly fetch manifest react@*
79 silly packumentCache full:https://registry.npmjs.org/react cache-miss
80 http fetch GET 200 https://registry.npmjs.org/react 20ms (cache hit)
81 silly packumentCache full:https://registry.npmjs.org/react set size:6625721 disposed:false
82 silly fetch manifest @types/react@^19.1.1
83 silly packumentCache full:https://registry.npmjs.org/@types%2freact cache-miss
84 http fetch GET 200 https://registry.npmjs.org/@types%2freact 11ms (cache hit)
85 silly packumentCache full:https://registry.npmjs.org/@types%2freact set size:2588964 disposed:false
86 silly fetch manifest react-native-worklets@0.8.x
87 silly packumentCache full:https://registry.npmjs.org/react-native-worklets cache-miss
88 http fetch GET 200 https://registry.npmjs.org/react-native-worklets 66ms (cache miss)
89 silly packumentCache full:https://registry.npmjs.org/react-native-worklets set size:undefined disposed:false
90 silly fetch manifest @babel/core@*
91 silly packumentCache full:https://registry.npmjs.org/@babel%2fcore cache-miss
92 http fetch GET 200 https://registry.npmjs.org/@babel%2fcore 6ms (cache hit)
93 silly packumentCache full:https://registry.npmjs.org/@babel%2fcore set size:760113 disposed:false
94 silly fetch manifest @react-native/metro-config@*
95 silly packumentCache full:https://registry.npmjs.org/@react-native%2fmetro-config cache-miss
96 http fetch GET 200 https://registry.npmjs.org/@react-native%2fmetro-config 94ms (cache miss)
97 silly packumentCache full:https://registry.npmjs.org/@react-native%2fmetro-config set size:undefined disposed:false
98 silly fetch manifest react-native-web@*
99 silly packumentCache full:https://registry.npmjs.org/react-native-web cache-miss
100 http fetch GET 200 https://registry.npmjs.org/react-native-web 52ms (cache miss)
101 silly packumentCache full:https://registry.npmjs.org/react-native-web set size:undefined disposed:false
102 silly fetch manifest @react-three/drei@*
103 silly packumentCache full:https://registry.npmjs.org/@react-three%2fdrei cache-miss
104 http fetch GET 200 https://registry.npmjs.org/@react-three%2fdrei 825ms (cache miss)
105 silly packumentCache full:https://registry.npmjs.org/@react-three%2fdrei set size:undefined disposed:false
106 silly placeDep ROOT @react-three/drei@10.7.7 OK for: web@0.0.0 want: *
107 silly placeDep ROOT three@0.184.0 OK for: @react-three/drei@10.7.7 want: >=0.159
108 silly placeDep ROOT @react-three/fiber@9.6.0 OK for: @react-three/drei@10.7.7 want: ^9.0.0
109 silly placeDep ROOT @react-three/fiber@9.6.0 REPLACE for: web@0.0.0 want: *
110 silly placeDep ROOT three@0.184.0 REPLACE for: web@0.0.0 want: *
111 silly fetch manifest maath@^0.10.8
112 silly packumentCache full:https://registry.npmjs.org/maath cache-miss
113 silly fetch manifest hls.js@^1.5.17
114 silly packumentCache full:https://registry.npmjs.org/hls.js cache-miss
115 silly fetch manifest zustand@^5.0.1
116 silly packumentCache full:https://registry.npmjs.org/zustand cache-miss
117 silly fetch manifest meshline@^3.3.1
118 silly packumentCache full:https://registry.npmjs.org/meshline cache-miss
119 silly fetch manifest stats-gl@^2.2.8
120 silly packumentCache full:https://registry.npmjs.org/stats-gl cache-miss
121 silly fetch manifest stats.js@^0.17.0
122 silly packumentCache full:https://registry.npmjs.org/stats.js cache-miss
123 silly fetch manifest cross-env@^7.0.3
124 silly packumentCache full:https://registry.npmjs.org/cross-env cache-miss
125 silly fetch manifest detect-gpu@^5.0.56
126 silly packumentCache full:https://registry.npmjs.org/detect-gpu cache-miss
127 silly fetch manifest glsl-noise@^0.0.0
128 silly packumentCache full:https://registry.npmjs.org/glsl-noise cache-miss
129 silly fetch manifest tunnel-rat@^0.1.2
130 silly packumentCache full:https://registry.npmjs.org/tunnel-rat cache-miss
131 silly fetch manifest three-stdlib@^2.35.6
132 silly packumentCache full:https://registry.npmjs.org/three-stdlib cache-miss
133 silly fetch manifest suspend-react@^0.1.3
134 silly packumentCache full:https://registry.npmjs.org/suspend-react cache-miss
135 silly fetch manifest utility-types@^3.11.0
136 silly packumentCache full:https://registry.npmjs.org/utility-types cache-miss
137 silly fetch manifest @babel/runtime@^7.26.0
138 silly packumentCache full:https://registry.npmjs.org/@babel%2fruntime cache-miss
139 silly fetch manifest three-mesh-bvh@^0.8.3
140 silly packumentCache full:https://registry.npmjs.org/three-mesh-bvh cache-miss
141 http fetch GET 200 https://registry.npmjs.org/@babel%2fruntime 88ms (cache hit)
142 silly packumentCache full:https://registry.npmjs.org/@babel%2fruntime set size:3372292 disposed:false
143 silly fetch manifest camera-controls@^3.1.0
144 silly packumentCache full:https://registry.npmjs.org/camera-controls cache-miss
145 http fetch GET 200 https://registry.npmjs.org/cross-env 124ms (cache miss)
146 silly packumentCache full:https://registry.npmjs.org/cross-env set size:undefined disposed:false
147 silly fetch manifest troika-three-text@^0.52.4
148 silly packumentCache full:https://registry.npmjs.org/troika-three-text cache-miss
149 http fetch GET 200 https://registry.npmjs.org/zustand 133ms (cache miss)
150 silly packumentCache full:https://registry.npmjs.org/zustand set size:undefined disposed:false
151 silly fetch manifest @use-gesture/react@^10.3.1
152 silly packumentCache full:https://registry.npmjs.org/@use-gesture%2freact cache-miss
153 http fetch GET 200 https://registry.npmjs.org/maath 210ms (cache miss)
154 silly packumentCache full:https://registry.npmjs.org/maath set size:undefined disposed:false
155 silly fetch manifest @monogrid/gainmap-js@^3.0.6
156 silly packumentCache full:https://registry.npmjs.org/@monogrid%2fgainmap-js cache-miss
157 http fetch GET 200 https://registry.npmjs.org/@use-gesture%2freact 111ms (cache miss)
158 silly packumentCache full:https://registry.npmjs.org/@use-gesture%2freact set size:undefined disposed:false
159 silly fetch manifest @mediapipe/tasks-vision@0.10.17
160 silly packumentCache full:https://registry.npmjs.org/@mediapipe%2ftasks-vision cache-miss
161 http fetch GET 200 https://registry.npmjs.org/glsl-noise 272ms (cache miss)
162 silly packumentCache full:https://registry.npmjs.org/glsl-noise set size:undefined disposed:false
163 silly fetch manifest use-sync-external-store@^1.4.0
164 silly packumentCache full:https://registry.npmjs.org/use-sync-external-store cache-miss
165 http fetch GET 200 https://registry.npmjs.org/suspend-react 272ms (cache miss)
166 silly packumentCache full:https://registry.npmjs.org/suspend-react set size:undefined disposed:false
167 silly fetch manifest @babel/runtime@^7.17.8
168 silly packumentCache full:https://registry.npmjs.org/@babel%2fruntime cache-miss
169 http fetch GET 200 https://registry.npmjs.org/stats.js 280ms (cache miss)
170 silly packumentCache full:https://registry.npmjs.org/stats.js set size:undefined disposed:false
171 silly fetch manifest @types/webxr@*
172 silly packumentCache full:https://registry.npmjs.org/@types%2fwebxr cache-miss
173 http fetch GET 200 https://registry.npmjs.org/@babel%2fruntime 33ms (cache hit)
174 silly packumentCache full:https://registry.npmjs.org/@babel%2fruntime set size:3372292 disposed:false
175 silly fetch manifest base64-js@^1.5.1
176 silly packumentCache full:https://registry.npmjs.org/base64-js cache-miss
177 http fetch GET 200 https://registry.npmjs.org/meshline 345ms (cache miss)
178 silly packumentCache full:https://registry.npmjs.org/meshline set size:undefined disposed:false
179 silly fetch manifest buffer@^6.0.3
180 silly packumentCache full:https://registry.npmjs.org/buffer cache-miss
181 http fetch GET 200 https://registry.npmjs.org/stats-gl 349ms (cache miss)
182 silly packumentCache full:https://registry.npmjs.org/stats-gl set size:undefined disposed:false
183 silly fetch manifest its-fine@^2.0.0
184 silly packumentCache full:https://registry.npmjs.org/its-fine cache-miss
185 http fetch GET 200 https://registry.npmjs.org/utility-types 352ms (cache miss)
186 silly packumentCache full:https://registry.npmjs.org/utility-types set size:undefined disposed:false
187 silly fetch manifest react-use-measure@^2.1.7
188 silly packumentCache full:https://registry.npmjs.org/react-use-measure cache-miss
189 http fetch GET 200 https://registry.npmjs.org/@types%2fwebxr 85ms (cache miss)
190 silly packumentCache full:https://registry.npmjs.org/@types%2fwebxr set size:undefined disposed:false
191 silly fetch manifest use-sync-external-store@^1.4.0
192 silly packumentCache full:https://registry.npmjs.org/use-sync-external-store cache-miss
193 http fetch GET 200 https://registry.npmjs.org/base64-js 48ms (cache miss)
194 silly packumentCache full:https://registry.npmjs.org/base64-js set size:undefined disposed:false
195 silly fetch manifest zustand@^5.0.3
196 silly packumentCache full:https://registry.npmjs.org/zustand cache-miss
197 http fetch GET 200 https://registry.npmjs.org/three-stdlib 388ms (cache miss)
198 silly packumentCache full:https://registry.npmjs.org/three-stdlib set size:undefined disposed:false
199 silly fetch manifest buffer@^6.0.3
200 silly packumentCache full:https://registry.npmjs.org/buffer cache-miss
201 http fetch GET 200 https://registry.npmjs.org/camera-controls 292ms (cache miss)
202 silly packumentCache full:https://registry.npmjs.org/camera-controls set size:undefined disposed:false
203 silly fetch manifest its-fine@^2.0.0
204 silly packumentCache full:https://registry.npmjs.org/its-fine cache-miss
205 http fetch GET 200 https://registry.npmjs.org/zustand 30ms (cache hit)
206 silly packumentCache full:https://registry.npmjs.org/zustand set size:499606 disposed:false
207 silly fetch manifest react-use-measure@^2.1.7
208 silly packumentCache full:https://registry.npmjs.org/react-use-measure cache-miss
209 http fetch GET 200 https://registry.npmjs.org/detect-gpu 421ms (cache miss)
210 silly packumentCache full:https://registry.npmjs.org/detect-gpu set size:undefined disposed:false
211 silly fetch manifest use-sync-external-store@^1.4.0
212 silly packumentCache full:https://registry.npmjs.org/use-sync-external-store cache-miss
213 http fetch GET 200 https://registry.npmjs.org/its-fine 84ms (cache miss)
214 silly packumentCache full:https://registry.npmjs.org/its-fine set size:undefined disposed:false
215 http fetch GET 200 https://registry.npmjs.org/buffer 96ms (cache miss)
216 silly packumentCache full:https://registry.npmjs.org/buffer set size:undefined disposed:false
217 http fetch GET 200 https://registry.npmjs.org/buffer 72ms (cache miss)
218 silly packumentCache full:https://registry.npmjs.org/buffer set size:undefined disposed:false
219 http fetch GET 200 https://registry.npmjs.org/its-fine 66ms (cache miss)
220 silly packumentCache full:https://registry.npmjs.org/its-fine set size:undefined disposed:false
221 http fetch GET 200 https://registry.npmjs.org/use-sync-external-store 245ms (cache miss)
222 silly packumentCache full:https://registry.npmjs.org/use-sync-external-store set size:undefined disposed:false
223 http fetch GET 200 https://registry.npmjs.org/use-sync-external-store 194ms (cache miss)
224 silly packumentCache full:https://registry.npmjs.org/use-sync-external-store set size:undefined disposed:false
225 http fetch GET 200 https://registry.npmjs.org/react-use-measure 194ms (cache miss)
226 silly packumentCache full:https://registry.npmjs.org/react-use-measure set size:undefined disposed:false
227 http fetch GET 200 https://registry.npmjs.org/react-use-measure 258ms (cache miss)
228 silly packumentCache full:https://registry.npmjs.org/react-use-measure set size:undefined disposed:false
229 http fetch GET 200 https://registry.npmjs.org/use-sync-external-store 202ms (cache miss)
230 silly packumentCache full:https://registry.npmjs.org/use-sync-external-store set size:undefined disposed:false
231 http fetch GET 200 https://registry.npmjs.org/tunnel-rat 659ms (cache miss)
232 silly packumentCache full:https://registry.npmjs.org/tunnel-rat set size:undefined disposed:false
233 http fetch GET 200 https://registry.npmjs.org/troika-three-text 539ms (cache miss)
234 silly packumentCache full:https://registry.npmjs.org/troika-three-text set size:undefined disposed:false
235 http fetch GET 200 https://registry.npmjs.org/three-mesh-bvh 668ms (cache miss)
236 silly packumentCache full:https://registry.npmjs.org/three-mesh-bvh set size:undefined disposed:false
237 http fetch GET 200 https://registry.npmjs.org/hls.js 728ms (cache miss)
238 silly packumentCache full:https://registry.npmjs.org/hls.js set size:undefined disposed:false
239 http fetch GET 200 https://registry.npmjs.org/@monogrid%2fgainmap-js 718ms (cache miss)
240 silly packumentCache full:https://registry.npmjs.org/@monogrid%2fgainmap-js set size:undefined disposed:false
241 http fetch GET 200 https://registry.npmjs.org/@mediapipe%2ftasks-vision 803ms (cache miss)
242 silly packumentCache full:https://registry.npmjs.org/@mediapipe%2ftasks-vision set size:undefined disposed:false
243 silly fetch manifest @types/three@>=0.134.0
244 silly packumentCache full:https://registry.npmjs.org/@types%2fthree cache-miss
245 http fetch GET 200 https://registry.npmjs.org/@types%2fthree 61ms (cache miss)
246 silly packumentCache full:https://registry.npmjs.org/@types%2fthree set size:undefined disposed:false
247 silly fetch manifest three@>=0.159
248 silly packumentCache full:https://registry.npmjs.org/three cache-miss
249 http fetch GET 200 https://registry.npmjs.org/three 17ms (cache hit)
250 silly packumentCache full:https://registry.npmjs.org/three set size:925364 disposed:false
251 silly fetch manifest @types/react@>=18.0.0
252 silly packumentCache full:https://registry.npmjs.org/@types%2freact cache-miss
253 http fetch GET 200 https://registry.npmjs.org/@types%2freact 9ms (cache hit)
254 silly packumentCache full:https://registry.npmjs.org/@types%2freact set size:2588964 disposed:false
255 silly fetch manifest immer@>=9.0.6
256 silly packumentCache full:https://registry.npmjs.org/immer cache-miss
257 http fetch GET 200 https://registry.npmjs.org/immer 52ms (cache miss)
258 silly packumentCache full:https://registry.npmjs.org/immer set size:undefined disposed:false
259 silly fetch manifest react@^19
260 silly packumentCache full:https://registry.npmjs.org/react cache-miss
261 http fetch GET 200 https://registry.npmjs.org/react 16ms (cache hit)
262 silly packumentCache full:https://registry.npmjs.org/react set size:6625721 disposed:false
263 silly placeDep ROOT @babel/runtime@7.29.2 OK for: @react-three/drei@10.7.7 want: ^7.26.0
264 silly placeDep ROOT @mediapipe/tasks-vision@0.10.17 OK for: @react-three/drei@10.7.7 want: 0.10.17
265 silly placeDep ROOT @monogrid/gainmap-js@3.4.0 OK for: @react-three/drei@10.7.7 want: ^3.0.6
266 silly placeDep ROOT @use-gesture/react@10.3.1 OK for: @react-three/drei@10.7.7 want: ^10.3.1
267 silly placeDep ROOT camera-controls@3.1.0 OK for: @react-three/drei@10.7.7 want: ^3.1.0
268 silly placeDep ROOT cross-env@7.0.3 OK for: @react-three/drei@10.7.7 want: ^7.0.3
269 silly placeDep ROOT detect-gpu@5.0.70 OK for: @react-three/drei@10.7.7 want: ^5.0.56
270 silly placeDep ROOT glsl-noise@0.0.0 OK for: @react-three/drei@10.7.7 want: ^0.0.0
271 silly placeDep ROOT hls.js@1.6.16 OK for: @react-three/drei@10.7.7 want: ^1.5.17
272 silly placeDep ROOT maath@0.10.8 OK for: @react-three/drei@10.7.7 want: ^0.10.8
273 silly placeDep ROOT @types/three@0.184.0 OK for: maath@0.10.8 want: >=0.134.0
274 silly placeDep ROOT meshline@3.3.1 OK for: @react-three/drei@10.7.7 want: ^3.3.1
275 silly placeDep ROOT stats-gl@2.4.2 OK for: @react-three/drei@10.7.7 want: ^2.2.8
276 silly placeDep ROOT stats.js@0.17.0 OK for: @react-three/drei@10.7.7 want: ^0.17.0
277 silly placeDep ROOT suspend-react@0.1.3 OK for: @react-three/drei@10.7.7 want: ^0.1.3
278 silly placeDep ROOT three-mesh-bvh@0.8.3 OK for: @react-three/drei@10.7.7 want: ^0.8.3
279 silly placeDep ROOT three-stdlib@2.36.1 OK for: @react-three/drei@10.7.7 want: ^2.35.6
280 silly placeDep ROOT troika-three-text@0.52.4 OK for: @react-three/drei@10.7.7 want: ^0.52.4
281 silly placeDep ROOT tunnel-rat@0.1.2 OK for: @react-three/drei@10.7.7 want: ^0.1.2
282 silly placeDep ROOT use-sync-external-store@1.6.0 OK for: @react-three/drei@10.7.7 want: ^1.4.0
283 silly placeDep ROOT utility-types@3.11.0 OK for: @react-three/drei@10.7.7 want: ^3.11.0
284 silly placeDep ROOT zustand@5.0.12 OK for: @react-three/drei@10.7.7 want: ^5.0.1
285 silly fetch manifest promise-worker-transferable@^1.0.4
286 silly packumentCache full:https://registry.npmjs.org/promise-worker-transferable cache-miss
287 silly fetch manifest @use-gesture/core@10.3.1
288 silly packumentCache full:https://registry.npmjs.org/@use-gesture%2fcore cache-miss
289 silly fetch manifest webgl-constants@^1.1.1
290 silly packumentCache full:https://registry.npmjs.org/webgl-constants cache-miss
291 silly fetch manifest fflate@~0.8.2
292 silly packumentCache full:https://registry.npmjs.org/fflate cache-miss
293 silly fetch manifest @types/webxr@>=0.5.17
294 silly packumentCache full:https://registry.npmjs.org/@types%2fwebxr cache-miss
295 silly fetch manifest meshoptimizer@~1.1.1
296 silly packumentCache full:https://registry.npmjs.org/meshoptimizer cache-miss
297 silly fetch manifest @types/stats.js@*
298 silly packumentCache full:https://registry.npmjs.org/@types%2fstats.js cache-miss
299 silly fetch manifest @tweenjs/tween.js@~23.1.3
300 silly packumentCache full:https://registry.npmjs.org/@tweenjs%2ftween.js cache-miss
301 silly fetch manifest @dimforge/rapier3d-compat@~0.12.0
302 silly packumentCache full:https://registry.npmjs.org/@dimforge%2frapier3d-compat cache-miss
303 silly fetch manifest three@^0.170.0
304 silly packumentCache full:https://registry.npmjs.org/three cache-hit
305 silly fetch manifest @types/draco3d@^1.4.0
306 silly packumentCache full:https://registry.npmjs.org/@types%2fdraco3d cache-miss
307 silly fetch manifest @types/offscreencanvas@^2019.6.4
308 silly packumentCache full:https://registry.npmjs.org/@types%2foffscreencanvas cache-miss
309 silly fetch manifest @types/webxr@^0.5.2
310 silly packumentCache full:https://registry.npmjs.org/@types%2fwebxr cache-miss
311 silly fetch manifest draco3d@^1.4.1
312 silly packumentCache full:https://registry.npmjs.org/draco3d cache-miss
313 silly fetch manifest fflate@^0.6.9
314 silly packumentCache full:https://registry.npmjs.org/fflate cache-miss
315 silly fetch manifest potpack@^1.0.1
316 silly packumentCache full:https://registry.npmjs.org/potpack cache-miss
317 http fetch GET 200 https://registry.npmjs.org/@types%2fwebxr 20ms (cache hit)
318 silly packumentCache full:https://registry.npmjs.org/@types%2fwebxr set size:64472 disposed:false
319 silly fetch manifest bidi-js@^1.0.2
320 silly packumentCache full:https://registry.npmjs.org/bidi-js cache-miss
321 http fetch GET 200 https://registry.npmjs.org/@types%2fwebxr 19ms (cache hit)
322 silly packumentCache full:https://registry.npmjs.org/@types%2fwebxr set size:64472 disposed:false
323 silly packumentCache full:https://registry.npmjs.org/@types%2fwebxr dispose
324 silly fetch manifest troika-three-utils@^0.52.4
325 silly packumentCache full:https://registry.npmjs.org/troika-three-utils cache-miss
326 http fetch GET 200 https://registry.npmjs.org/fflate 48ms (cache miss)
327 silly packumentCache full:https://registry.npmjs.org/fflate set size:undefined disposed:false
328 silly fetch manifest troika-worker-utils@^0.52.0
329 silly packumentCache full:https://registry.npmjs.org/troika-worker-utils cache-miss
330 http fetch GET 200 https://registry.npmjs.org/bidi-js 32ms (cache miss)
331 silly packumentCache full:https://registry.npmjs.org/bidi-js set size:undefined disposed:false
332 silly fetch manifest webgl-sdf-generator@1.1.1
333 silly packumentCache full:https://registry.npmjs.org/webgl-sdf-generator cache-miss
334 http fetch GET 200 https://registry.npmjs.org/fflate 55ms (cache miss)
335 silly packumentCache full:https://registry.npmjs.org/fflate set size:undefined disposed:false
336 silly fetch manifest zustand@^4.3.2
337 silly packumentCache full:https://registry.npmjs.org/zustand cache-hit
338 http fetch GET 200 https://registry.npmjs.org/@use-gesture%2fcore 79ms (cache miss)
339 silly packumentCache full:https://registry.npmjs.org/@use-gesture%2fcore set size:undefined disposed:false
340 http fetch GET 200 https://registry.npmjs.org/@dimforge%2frapier3d-compat 100ms (cache miss)
341 silly packumentCache full:https://registry.npmjs.org/@dimforge%2frapier3d-compat set size:undefined disposed:false
342 http fetch GET 200 https://registry.npmjs.org/troika-three-utils 186ms (cache miss)
343 silly packumentCache full:https://registry.npmjs.org/troika-three-utils set size:undefined disposed:false
344 http fetch GET 200 https://registry.npmjs.org/@types%2fstats.js 221ms (cache miss)
345 silly packumentCache full:https://registry.npmjs.org/@types%2fstats.js set size:undefined disposed:false
346 http fetch GET 200 https://registry.npmjs.org/meshoptimizer 222ms (cache miss)
347 silly packumentCache full:https://registry.npmjs.org/meshoptimizer set size:undefined disposed:false
348 http fetch GET 200 https://registry.npmjs.org/draco3d 220ms (cache miss)
349 silly packumentCache full:https://registry.npmjs.org/draco3d set size:undefined disposed:false
350 http fetch GET 200 https://registry.npmjs.org/potpack 225ms (cache miss)
351 silly packumentCache full:https://registry.npmjs.org/potpack set size:undefined disposed:false
352 http fetch GET 200 https://registry.npmjs.org/webgl-sdf-generator 200ms (cache miss)
353 silly packumentCache full:https://registry.npmjs.org/webgl-sdf-generator set size:undefined disposed:false
354 http fetch GET 200 https://registry.npmjs.org/troika-worker-utils 207ms (cache miss)
355 silly packumentCache full:https://registry.npmjs.org/troika-worker-utils set size:undefined disposed:false
356 http fetch GET 200 https://registry.npmjs.org/@tweenjs%2ftween.js 258ms (cache miss)
357 silly packumentCache full:https://registry.npmjs.org/@tweenjs%2ftween.js set size:undefined disposed:false
358 http fetch GET 200 https://registry.npmjs.org/@types%2fdraco3d 388ms (cache miss)
359 silly packumentCache full:https://registry.npmjs.org/@types%2fdraco3d set size:undefined disposed:false
360 http fetch GET 200 https://registry.npmjs.org/promise-worker-transferable 541ms (cache miss)
361 silly packumentCache full:https://registry.npmjs.org/promise-worker-transferable set size:undefined disposed:false
362 http fetch GET 200 https://registry.npmjs.org/webgl-constants 593ms (cache miss)
363 silly packumentCache full:https://registry.npmjs.org/webgl-constants set size:undefined disposed:false
364 http fetch GET 200 https://registry.npmjs.org/@types%2foffscreencanvas 1088ms (cache miss)
365 silly packumentCache full:https://registry.npmjs.org/@types%2foffscreencanvas set size:undefined disposed:false
366 silly placeDep ROOT promise-worker-transferable@1.0.4 OK for: @monogrid/gainmap-js@3.4.0 want: ^1.0.4
367 silly fetch manifest is-promise@^2.1.0
368 silly packumentCache full:https://registry.npmjs.org/is-promise cache-miss
369 silly fetch manifest lie@^3.0.2
370 silly packumentCache full:https://registry.npmjs.org/lie cache-miss
371 http fetch GET 200 https://registry.npmjs.org/is-promise 32ms (cache miss)
372 silly packumentCache full:https://registry.npmjs.org/is-promise set size:undefined disposed:false
373 http fetch GET 200 https://registry.npmjs.org/lie 34ms (cache miss)
374 silly packumentCache full:https://registry.npmjs.org/lie set size:undefined disposed:false
375 silly fetch manifest react@>=19 <19.3
376 silly packumentCache full:https://registry.npmjs.org/react cache-miss
377 http fetch GET 200 https://registry.npmjs.org/react 19ms (cache hit)
378 silly packumentCache full:https://registry.npmjs.org/react set size:6625721 disposed:false
379 silly fetch manifest react-dom@>=19 <19.3
380 silly packumentCache full:https://registry.npmjs.org/react-dom cache-miss
381 http fetch GET 200 https://registry.npmjs.org/react-dom 23ms (cache hit)
382 silly packumentCache full:https://registry.npmjs.org/react-dom set size:8826021 disposed:false
383 silly placeDep ROOT @types/webxr@0.5.24 OK for: @react-three/fiber@9.6.0 want: *
384 silly placeDep ROOT base64-js@1.5.1 OK for: @react-three/fiber@9.6.0 want: ^1.5.1
385 silly placeDep ROOT buffer@6.0.3 OK for: @react-three/fiber@9.6.0 want: ^6.0.3
386 silly placeDep ROOT its-fine@2.0.0 OK for: @react-three/fiber@9.6.0 want: ^2.0.0
387 silly placeDep ROOT react-use-measure@2.1.7 OK for: @react-three/fiber@9.6.0 want: ^2.1.7
388 silly fetch manifest ieee754@^1.2.1
389 silly packumentCache full:https://registry.npmjs.org/ieee754 cache-miss
390 silly fetch manifest @types/react-reconciler@^0.28.9
391 silly packumentCache full:https://registry.npmjs.org/@types%2freact-reconciler cache-miss
392 http fetch GET 200 https://registry.npmjs.org/ieee754 37ms (cache miss)
393 silly packumentCache full:https://registry.npmjs.org/ieee754 set size:undefined disposed:false
394 http fetch GET 200 https://registry.npmjs.org/@types%2freact-reconciler 49ms (cache miss)
395 silly packumentCache full:https://registry.npmjs.org/@types%2freact-reconciler set size:undefined disposed:false
396 silly placeDep ROOT @dimforge/rapier3d-compat@0.12.0 OK for: @types/three@0.184.0 want: ~0.12.0
397 silly placeDep ROOT @tweenjs/tween.js@23.1.3 OK for: @types/three@0.184.0 want: ~23.1.3
398 silly placeDep ROOT @types/stats.js@0.17.4 OK for: @types/three@0.184.0 want: *
399 silly placeDep ROOT fflate@0.8.2 OK for: @types/three@0.184.0 want: ~0.8.2
400 silly placeDep ROOT meshoptimizer@1.1.1 OK for: @types/three@0.184.0 want: ~1.1.1
401 silly placeDep ROOT @use-gesture/core@10.3.1 OK for: @use-gesture/react@10.3.1 want: 10.3.1
402 silly placeDep ROOT ieee754@1.2.1 OK for: buffer@6.0.3 want: ^1.2.1
403 silly placeDep ROOT webgl-constants@1.1.1 OK for: detect-gpu@5.0.70 want: ^1.1.1
404 silly fetch manifest @types/react@*
405 silly packumentCache full:https://registry.npmjs.org/@types%2freact cache-miss
406 http fetch GET 200 https://registry.npmjs.org/@types%2freact 12ms (cache hit)
407 silly packumentCache full:https://registry.npmjs.org/@types%2freact set size:2588964 disposed:false
408 silly placeDep ROOT @types/react-reconciler@0.28.9 OK for: its-fine@2.0.0 want: ^0.28.9
409 silly placeDep ROOT is-promise@2.2.2 OK for: promise-worker-transferable@1.0.4 want: ^2.1.0
410 silly placeDep ROOT lie@3.3.0 OK for: promise-worker-transferable@1.0.4 want: ^3.0.2
411 silly fetch manifest immediate@~3.0.5
412 silly packumentCache full:https://registry.npmjs.org/immediate cache-miss
413 http fetch GET 200 https://registry.npmjs.org/immediate 31ms (cache miss)
414 silly packumentCache full:https://registry.npmjs.org/immediate set size:undefined disposed:false
415 silly placeDep ROOT immediate@3.0.6 OK for: lie@3.3.0 want: ~3.0.5
416 silly placeDep node_modules/stats-gl three@0.170.0 OK for: stats-gl@2.4.2 want: ^0.170.0
417 silly placeDep ROOT @types/draco3d@1.4.10 OK for: three-stdlib@2.36.1 want: ^1.4.0
418 silly placeDep ROOT @types/offscreencanvas@2019.7.3 OK for: three-stdlib@2.36.1 want: ^2019.6.4
419 silly placeDep ROOT draco3d@1.5.7 OK for: three-stdlib@2.36.1 want: ^1.4.1
420 silly placeDep node_modules/three-stdlib fflate@0.6.10 OK for: three-stdlib@2.36.1 want: ^0.6.9
421 silly placeDep ROOT potpack@1.0.2 OK for: three-stdlib@2.36.1 want: ^1.0.1
422 silly fetch manifest three@>=0.125.0
423 silly packumentCache full:https://registry.npmjs.org/three cache-hit
424 silly placeDep ROOT bidi-js@1.0.3 OK for: troika-three-text@0.52.4 want: ^1.0.2
425 silly placeDep ROOT troika-three-utils@0.52.4 OK for: troika-three-text@0.52.4 want: ^0.52.4
426 silly placeDep ROOT troika-worker-utils@0.52.0 OK for: troika-three-text@0.52.4 want: ^0.52.0
427 silly placeDep ROOT webgl-sdf-generator@1.1.1 OK for: troika-three-text@0.52.4 want: 1.1.1
428 silly fetch manifest require-from-string@^2.0.2
429 silly packumentCache full:https://registry.npmjs.org/require-from-string cache-miss
430 http fetch GET 200 https://registry.npmjs.org/require-from-string 35ms (cache miss)
431 silly packumentCache full:https://registry.npmjs.org/require-from-string set size:undefined disposed:false
432 silly placeDep ROOT require-from-string@2.0.2 OK for: bidi-js@1.0.3 want: ^2.0.2
433 silly fetch manifest @types/react@>=16.8
434 silly packumentCache full:https://registry.npmjs.org/@types%2freact cache-miss
435 http fetch GET 200 https://registry.npmjs.org/@types%2freact 10ms (cache hit)
436 silly packumentCache full:https://registry.npmjs.org/@types%2freact set size:2588964 disposed:false
437 silly fetch manifest react@>=16.8
438 silly packumentCache full:https://registry.npmjs.org/react cache-miss
439 http fetch GET 200 https://registry.npmjs.org/react 20ms (cache hit)
440 silly packumentCache full:https://registry.npmjs.org/react set size:6625721 disposed:false
441 silly placeDep node_modules/tunnel-rat zustand@4.5.7 OK for: tunnel-rat@0.1.2 want: ^4.3.2
442 silly reify moves {}
443 silly audit bulk request {
443 silly audit   '@babel/code-frame': [ '7.29.0' ],
443 silly audit   '@babel/compat-data': [ '7.29.0' ],
443 silly audit   '@babel/core': [ '7.29.0' ],
443 silly audit   '@babel/generator': [ '7.29.1' ],
443 silly audit   '@babel/helper-compilation-targets': [ '7.28.6' ],
443 silly audit   '@babel/helper-globals': [ '7.28.0' ],
443 silly audit   '@babel/helper-module-imports': [ '7.28.6' ],
443 silly audit   '@babel/helper-module-transforms': [ '7.28.6' ],
443 silly audit   '@babel/helper-string-parser': [ '7.27.1' ],
443 silly audit   '@babel/helper-validator-identifier': [ '7.28.5' ],
443 silly audit   '@babel/helper-validator-option': [ '7.27.1' ],
443 silly audit   '@babel/helpers': [ '7.29.2' ],
443 silly audit   '@babel/parser': [ '7.29.2' ],
443 silly audit   '@babel/template': [ '7.28.6' ],
443 silly audit   '@babel/traverse': [ '7.29.0' ],
443 silly audit   '@babel/types': [ '7.29.0' ],
443 silly audit   '@emnapi/core': [ '1.10.0' ],
443 silly audit   '@emnapi/runtime': [ '1.10.0' ],
443 silly audit   '@emnapi/wasi-threads': [ '1.2.1' ],
443 silly audit   '@eslint-community/eslint-utils': [ '4.9.1' ],
443 silly audit   'eslint-visitor-keys': [ '3.4.3', '5.0.1' ],
443 silly audit   '@eslint-community/regexpp': [ '4.12.2' ],
443 silly audit   '@eslint/config-array': [ '0.23.5' ],
443 silly audit   '@eslint/config-helpers': [ '0.5.5' ],
443 silly audit   '@eslint/core': [ '1.2.1' ],
443 silly audit   '@eslint/js': [ '10.0.1' ],
443 silly audit   '@eslint/object-schema': [ '3.0.5' ],
443 silly audit   '@eslint/plugin-kit': [ '0.7.1' ],
443 silly audit   '@humanfs/core': [ '0.19.2' ],
443 silly audit   '@humanfs/node': [ '0.16.8' ],
443 silly audit   '@humanfs/types': [ '0.15.0' ],
443 silly audit   '@humanwhocodes/module-importer': [ '1.0.1' ],
443 silly audit   '@humanwhocodes/retry': [ '0.4.3' ],
443 silly audit   '@jridgewell/gen-mapping': [ '0.3.13' ],
443 silly audit   '@jridgewell/remapping': [ '2.3.5' ],
443 silly audit   '@jridgewell/resolve-uri': [ '3.1.2' ],
443 silly audit   '@jridgewell/sourcemap-codec': [ '1.5.5' ],
443 silly audit   '@jridgewell/trace-mapping': [ '0.3.31' ],
443 silly audit   '@napi-rs/wasm-runtime': [ '1.1.4' ],
443 silly audit   '@oxc-project/types': [ '0.127.0' ],
443 silly audit   '@rolldown/binding-android-arm64': [ '1.0.0-rc.17' ],
443 silly audit   '@rolldown/binding-darwin-arm64': [ '1.0.0-rc.17' ],
443 silly audit   '@rolldown/binding-darwin-x64': [ '1.0.0-rc.17' ],
443 silly audit   '@rolldown/binding-freebsd-x64': [ '1.0.0-rc.17' ],
443 silly audit   '@rolldown/binding-linux-arm-gnueabihf': [ '1.0.0-rc.17' ],
443 silly audit   '@rolldown/binding-linux-arm64-gnu': [ '1.0.0-rc.17' ],
443 silly audit   '@rolldown/binding-linux-arm64-musl': [ '1.0.0-rc.17' ],
443 silly audit   '@rolldown/binding-linux-ppc64-gnu': [ '1.0.0-rc.17' ],
443 silly audit   '@rolldown/binding-linux-s390x-gnu': [ '1.0.0-rc.17' ],
443 silly audit   '@rolldown/binding-linux-x64-gnu': [ '1.0.0-rc.17' ],
443 silly audit   '@rolldown/binding-linux-x64-musl': [ '1.0.0-rc.17' ],
443 silly audit   '@rolldown/binding-openharmony-arm64': [ '1.0.0-rc.17' ],
443 silly audit   '@rolldown/binding-wasm32-wasi': [ '1.0.0-rc.17' ],
443 silly audit   '@rolldown/binding-win32-arm64-msvc': [ '1.0.0-rc.17' ],
443 silly audit   '@rolldown/binding-win32-x64-msvc': [ '1.0.0-rc.17' ],
443 silly audit   '@rolldown/pluginutils': [ '1.0.0-rc.7', '1.0.0-rc.17' ],
443 silly audit   '@tybys/wasm-util': [ '0.10.1' ],
443 silly audit   '@types/esrecurse': [ '4.3.1' ],
443 silly audit   '@types/estree': [ '1.0.8' ],
443 silly audit   '@types/json-schema': [ '7.0.15' ],
443 silly audit   '@types/react': [ '19.2.14' ],
443 silly audit   '@types/react-dom': [ '19.2.3' ],
443 silly audit   '@vitejs/plugin-react': [ '6.0.1' ],
443 silly audit   acorn: [ '8.16.0' ],
443 silly audit   'acorn-jsx': [ '5.3.2' ],
443 silly audit   ajv: [ '6.15.0' ],
443 silly audit   'balanced-match': [ '4.0.4' ],
443 silly audit   'baseline-browser-mapping': [ '2.10.21' ],
443 silly audit   'brace-expansion': [ '5.0.5' ],
443 silly audit   browserslist: [ '4.28.2' ],
443 silly audit   'caniuse-lite': [ '1.0.30001790' ],
443 silly audit   'convert-source-map': [ '2.0.0' ],
443 silly audit   'cross-spawn': [ '7.0.6' ],
443 silly audit   csstype: [ '3.2.3' ],
443 silly audit   debug: [ '4.4.3' ],
443 silly audit   'deep-is': [ '0.1.4' ],
443 silly audit   'detect-libc': [ '2.1.2' ],
443 silly audit   'electron-to-chromium': [ '1.5.344' ],
443 silly audit   escalade: [ '3.2.0' ],
443 silly audit   'escape-string-regexp': [ '4.0.0' ],
443 silly audit   eslint: [ '10.2.1' ],
443 silly audit   'eslint-plugin-react-hooks': [ '7.1.1' ],
443 silly audit   'eslint-plugin-react-refresh': [ '0.5.2' ],
443 silly audit   'eslint-scope': [ '9.1.2' ],
443 silly audit   espree: [ '11.2.0' ],
443 silly audit   esquery: [ '1.7.0' ],
443 silly audit   esrecurse: [ '4.3.0' ],
443 silly audit   estraverse: [ '5.3.0' ],
443 silly audit   esutils: [ '2.0.3' ],
443 silly audit   'fast-deep-equal': [ '3.1.3' ],
443 silly audit   'fast-json-stable-stringify': [ '2.1.0' ],
443 silly audit   'fast-levenshtein': [ '2.0.6' ],
443 silly audit   fdir: [ '6.5.0' ],
443 silly audit   'file-entry-cache': [ '8.0.0' ],
443 silly audit   'find-up': [ '5.0.0' ],
443 silly audit   'flat-cache': [ '4.0.1' ],
443 silly audit   flatted: [ '3.4.2' ],
443 silly audit   fsevents: [ '2.3.3' ],
443 silly audit   gensync: [ '1.0.0-beta.2' ],
443 silly audit   'glob-parent': [ '6.0.2' ],
443 silly audit   globals: [ '17.5.0' ],
443 silly audit   'hermes-estree': [ '0.25.1' ],
443 silly audit   'hermes-parser': [ '0.25.1' ],
443 silly audit   ignore: [ '5.3.2' ],
443 silly audit   imurmurhash: [ '0.1.4' ],
443 silly audit   'is-extglob': [ '2.1.1' ],
443 silly audit   'is-glob': [ '4.0.3' ],
443 silly audit   isexe: [ '2.0.0' ],
443 silly audit   'js-tokens': [ '4.0.0' ],
443 silly audit   jsesc: [ '3.1.0' ],
443 silly audit   'json-buffer': [ '3.0.1' ],
443 silly audit   'json-schema-traverse': [ '0.4.1' ],
443 silly audit   'json-stable-stringify-without-jsonify': [ '1.0.1' ],
443 silly audit   json5: [ '2.2.3' ],
443 silly audit   keyv: [ '4.5.4' ],
443 silly audit   levn: [ '0.4.1' ],
443 silly audit   lightningcss: [ '1.32.0' ],
443 silly audit   'lightningcss-android-arm64': [ '1.32.0' ],
443 silly audit   'lightningcss-darwin-arm64': [ '1.32.0' ],
443 silly audit   'lightningcss-darwin-x64': [ '1.32.0' ],
443 silly audit   'lightningcss-freebsd-x64': [ '1.32.0' ],
443 silly audit   'lightningcss-linux-arm-gnueabihf': [ '1.32.0' ],
443 silly audit   'lightningcss-linux-arm64-gnu': [ '1.32.0' ],
443 silly audit   'lightningcss-linux-arm64-musl': [ '1.32.0' ],
443 silly audit   'lightningcss-linux-x64-gnu': [ '1.32.0' ],
443 silly audit   'lightningcss-linux-x64-musl': [ '1.32.0' ],
443 silly audit   'lightningcss-win32-arm64-msvc': [ '1.32.0' ],
443 silly audit   'lightningcss-win32-x64-msvc': [ '1.32.0' ],
443 silly audit   'locate-path': [ '6.0.0' ],
443 silly audit   'lru-cache': [ '5.1.1' ],
443 silly audit   minimatch: [ '10.2.5' ],
443 silly audit   ms: [ '2.1.3' ],
443 silly audit   nanoid: [ '3.3.11' ],
443 silly audit   'natural-compare': [ '1.4.0' ],
443 silly audit   'node-releases': [ '2.0.38' ],
443 silly audit   optionator: [ '0.9.4' ],
443 silly audit   'p-limit': [ '3.1.0' ],
443 silly audit   'p-locate': [ '5.0.0' ],
443 silly audit   'path-exists': [ '4.0.0' ],
443 silly audit   'path-key': [ '3.1.1' ],
443 silly audit   picocolors: [ '1.1.1' ],
443 silly audit   picomatch: [ '4.0.4' ],
443 silly audit   postcss: [ '8.5.10' ],
443 silly audit   'prelude-ls': [ '1.2.1' ],
443 silly audit   punycode: [ '2.3.1' ],
443 silly audit   react: [ '19.2.5' ],
443 silly audit   'react-dom': [ '19.2.5' ],
443 silly audit   rolldown: [ '1.0.0-rc.17' ],
443 silly audit   scheduler: [ '0.27.0' ],
443 silly audit   semver: [ '6.3.1' ],
443 silly audit   'shebang-command': [ '2.0.0' ],
443 silly audit   'shebang-regex': [ '3.0.0' ],
443 silly audit   'source-map-js': [ '1.2.1' ],
443 silly audit   tinyglobby: [ '0.2.16' ],
443 silly audit   tslib: [ '2.8.1' ],
443 silly audit   'type-check': [ '0.4.0' ],
443 silly audit   'update-browserslist-db': [ '1.2.3' ],
443 silly audit   'uri-js': [ '4.4.1' ],
443 silly audit   vite: [ '8.0.10' ],
443 silly audit   which: [ '2.0.2' ],
443 silly audit   'word-wrap': [ '1.2.5' ],
443 silly audit   yallist: [ '3.1.1' ],
443 silly audit   'yocto-queue': [ '0.1.0' ],
443 silly audit   zod: [ '4.3.6' ],
443 silly audit   'zod-validation-error': [ '4.0.2' ],
443 silly audit   '@react-three/drei': [ '10.7.7' ],
443 silly audit   '@react-three/fiber': [ '9.6.0' ],
443 silly audit   three: [ '0.184.0', '0.170.0' ],
443 silly audit   '@babel/runtime': [ '7.29.2' ],
443 silly audit   '@mediapipe/tasks-vision': [ '0.10.17' ],
443 silly audit   '@monogrid/gainmap-js': [ '3.4.0' ],
443 silly audit   '@use-gesture/react': [ '10.3.1' ],
443 silly audit   'camera-controls': [ '3.1.0' ],
443 silly audit   'cross-env': [ '7.0.3' ],
443 silly audit   'detect-gpu': [ '5.0.70' ],
443 silly audit   'glsl-noise': [ '0.0.0' ],
443 silly audit   'hls.js': [ '1.6.16' ],
443 silly audit   maath: [ '0.10.8' ],
443 silly audit   '@types/three': [ '0.184.0' ],
443 silly audit   meshline: [ '3.3.1' ],
443 silly audit   'stats-gl': [ '2.4.2' ],
443 silly audit   'stats.js': [ '0.17.0' ],
443 silly audit   'suspend-react': [ '0.1.3' ],
443 silly audit   'three-mesh-bvh': [ '0.8.3' ],
443 silly audit   'three-stdlib': [ '2.36.1' ],
443 silly audit   'troika-three-text': [ '0.52.4' ],
443 silly audit   'tunnel-rat': [ '0.1.2' ],
443 silly audit   'use-sync-external-store': [ '1.6.0' ],
443 silly audit   'utility-types': [ '3.11.0' ],
443 silly audit   zustand: [ '5.0.12', '4.5.7' ],
443 silly audit   'promise-worker-transferable': [ '1.0.4' ],
443 silly audit   '@types/webxr': [ '0.5.24' ],
443 silly audit   'base64-js': [ '1.5.1' ],
443 silly audit   buffer: [ '6.0.3' ],
443 silly audit   'its-fine': [ '2.0.0' ],
443 silly audit   'react-use-measure': [ '2.1.7' ],
443 silly audit   '@dimforge/rapier3d-compat': [ '0.12.0' ],
443 silly audit   '@tweenjs/tween.js': [ '23.1.3' ],
443 silly audit   '@types/stats.js': [ '0.17.4' ],
443 silly audit   fflate: [ '0.8.2', '0.6.10' ],
443 silly audit   meshoptimizer: [ '1.1.1' ],
443 silly audit   '@use-gesture/core': [ '10.3.1' ],
443 silly audit   ieee754: [ '1.2.1' ],
443 silly audit   'webgl-constants': [ '1.1.1' ],
443 silly audit   '@types/react-reconciler': [ '0.28.9' ],
443 silly audit   'is-promise': [ '2.2.2' ],
443 silly audit   lie: [ '3.3.0' ],
443 silly audit   immediate: [ '3.0.6' ],
443 silly audit   '@types/draco3d': [ '1.4.10' ],
443 silly audit   '@types/offscreencanvas': [ '2019.7.3' ],
443 silly audit   draco3d: [ '1.5.7' ],
443 silly audit   potpack: [ '1.0.2' ],
443 silly audit   'bidi-js': [ '1.0.3' ],
443 silly audit   'troika-three-utils': [ '0.52.4' ],
443 silly audit   'troika-worker-utils': [ '0.52.0' ],
443 silly audit   'webgl-sdf-generator': [ '1.1.1' ],
443 silly audit   'require-from-string': [ '2.0.2' ]
443 silly audit }
444 verbose reify failed optional dependency C:\Users\thoma\Documents\New project\web\node_modules\lightningcss-win32-arm64-msvc
445 silly reify mark deleted [
445 silly reify   'C:\\Users\\thoma\\Documents\\New project\\web\\node_modules\\lightningcss-win32-arm64-msvc'
445 silly reify ]
446 verbose reify failed optional dependency C:\Users\thoma\Documents\New project\web\node_modules\lightningcss-linux-x64-musl
447 silly reify mark deleted [
447 silly reify   'C:\\Users\\thoma\\Documents\\New project\\web\\node_modules\\lightningcss-linux-x64-musl'
447 silly reify ]
448 verbose reify failed optional dependency C:\Users\thoma\Documents\New project\web\node_modules\lightningcss-linux-x64-gnu
449 silly reify mark deleted [
449 silly reify   'C:\\Users\\thoma\\Documents\\New project\\web\\node_modules\\lightningcss-linux-x64-gnu'
449 silly reify ]
450 verbose reify failed optional dependency C:\Users\thoma\Documents\New project\web\node_modules\lightningcss-linux-arm64-musl
451 silly reify mark deleted [
451 silly reify   'C:\\Users\\thoma\\Documents\\New project\\web\\node_modules\\lightningcss-linux-arm64-musl'
451 silly reify ]
452 verbose reify failed optional dependency C:\Users\thoma\Documents\New project\web\node_modules\lightningcss-linux-arm64-gnu
453 silly reify mark deleted [
453 silly reify   'C:\\Users\\thoma\\Documents\\New project\\web\\node_modules\\lightningcss-linux-arm64-gnu'
453 silly reify ]
454 verbose reify failed optional dependency C:\Users\thoma\Documents\New project\web\node_modules\lightningcss-linux-arm-gnueabihf
455 silly reify mark deleted [
455 silly reify   'C:\\Users\\thoma\\Documents\\New project\\web\\node_modules\\lightningcss-linux-arm-gnueabihf'
455 silly reify ]
456 verbose reify failed optional dependency C:\Users\thoma\Documents\New project\web\node_modules\lightningcss-freebsd-x64
457 silly reify mark deleted [
457 silly reify   'C:\\Users\\thoma\\Documents\\New project\\web\\node_modules\\lightningcss-freebsd-x64'
457 silly reify ]
458 verbose reify failed optional dependency C:\Users\thoma\Documents\New project\web\node_modules\lightningcss-darwin-x64
459 silly reify mark deleted [
459 silly reify   'C:\\Users\\thoma\\Documents\\New project\\web\\node_modules\\lightningcss-darwin-x64'
459 silly reify ]
460 verbose reify failed optional dependency C:\Users\thoma\Documents\New project\web\node_modules\lightningcss-darwin-arm64
461 silly reify mark deleted [
461 silly reify   'C:\\Users\\thoma\\Documents\\New project\\web\\node_modules\\lightningcss-darwin-arm64'
461 silly reify ]
462 verbose reify failed optional dependency C:\Users\thoma\Documents\New project\web\node_modules\lightningcss-android-arm64
463 silly reify mark deleted [
463 silly reify   'C:\\Users\\thoma\\Documents\\New project\\web\\node_modules\\lightningcss-android-arm64'
463 silly reify ]
464 verbose reify failed optional dependency C:\Users\thoma\Documents\New project\web\node_modules\fsevents
465 silly reify mark deleted [
465 silly reify   'C:\\Users\\thoma\\Documents\\New project\\web\\node_modules\\fsevents'
465 silly reify ]
466 verbose reify failed optional dependency C:\Users\thoma\Documents\New project\web\node_modules\@rolldown\binding-win32-arm64-msvc
467 silly reify mark deleted [
467 silly reify   'C:\\Users\\thoma\\Documents\\New project\\web\\node_modules\\@rolldown\\binding-win32-arm64-msvc'
467 silly reify ]
468 verbose reify failed optional dependency C:\Users\thoma\Documents\New project\web\node_modules\@rolldown\binding-wasm32-wasi
469 silly reify mark deleted [
469 silly reify   'C:\\Users\\thoma\\Documents\\New project\\web\\node_modules\\@rolldown\\binding-wasm32-wasi'
469 silly reify ]
470 verbose reify failed optional dependency C:\Users\thoma\Documents\New project\web\node_modules\@emnapi\core
471 silly reify mark deleted [
471 silly reify   'C:\\Users\\thoma\\Documents\\New project\\web\\node_modules\\@emnapi\\core'
471 silly reify ]
472 verbose reify failed optional dependency C:\Users\thoma\Documents\New project\web\node_modules\@emnapi\runtime
473 silly reify mark deleted [
473 silly reify   'C:\\Users\\thoma\\Documents\\New project\\web\\node_modules\\@emnapi\\runtime'
473 silly reify ]
474 verbose reify failed optional dependency C:\Users\thoma\Documents\New project\web\node_modules\@napi-rs\wasm-runtime
475 silly reify mark deleted [
475 silly reify   'C:\\Users\\thoma\\Documents\\New project\\web\\node_modules\\@napi-rs\\wasm-runtime'
475 silly reify ]
476 verbose reify failed optional dependency C:\Users\thoma\Documents\New project\web\node_modules\@emnapi\wasi-threads
477 silly reify mark deleted [
477 silly reify   'C:\\Users\\thoma\\Documents\\New project\\web\\node_modules\\@emnapi\\wasi-threads'
477 silly reify ]
478 verbose reify failed optional dependency C:\Users\thoma\Documents\New project\web\node_modules\tslib
479 silly reify mark deleted [
479 silly reify   'C:\\Users\\thoma\\Documents\\New project\\web\\node_modules\\tslib'
479 silly reify ]
480 verbose reify failed optional dependency C:\Users\thoma\Documents\New project\web\node_modules\@tybys\wasm-util
481 silly reify mark deleted [
481 silly reify   'C:\\Users\\thoma\\Documents\\New project\\web\\node_modules\\@tybys\\wasm-util'
481 silly reify ]
482 verbose reify failed optional dependency C:\Users\thoma\Documents\New project\web\node_modules\@rolldown\binding-openharmony-arm64
483 silly reify mark deleted [
483 silly reify   'C:\\Users\\thoma\\Documents\\New project\\web\\node_modules\\@rolldown\\binding-openharmony-arm64'
483 silly reify ]
484 verbose reify failed optional dependency C:\Users\thoma\Documents\New project\web\node_modules\@rolldown\binding-linux-x64-musl
485 silly reify mark deleted [
485 silly reify   'C:\\Users\\thoma\\Documents\\New project\\web\\node_modules\\@rolldown\\binding-linux-x64-musl'
485 silly reify ]
486 verbose reify failed optional dependency C:\Users\thoma\Documents\New project\web\node_modules\@rolldown\binding-linux-x64-gnu
487 silly reify mark deleted [
487 silly reify   'C:\\Users\\thoma\\Documents\\New project\\web\\node_modules\\@rolldown\\binding-linux-x64-gnu'
487 silly reify ]
488 verbose reify failed optional dependency C:\Users\thoma\Documents\New project\web\node_modules\@rolldown\binding-linux-s390x-gnu
489 silly reify mark deleted [
489 silly reify   'C:\\Users\\thoma\\Documents\\New project\\web\\node_modules\\@rolldown\\binding-linux-s390x-gnu'
489 silly reify ]
490 verbose reify failed optional dependency C:\Users\thoma\Documents\New project\web\node_modules\@rolldown\binding-linux-ppc64-gnu
491 silly reify mark deleted [
491 silly reify   'C:\\Users\\thoma\\Documents\\New project\\web\\node_modules\\@rolldown\\binding-linux-ppc64-gnu'
491 silly reify ]
492 verbose reify failed optional dependency C:\Users\thoma\Documents\New project\web\node_modules\@rolldown\binding-linux-arm64-musl
493 silly reify mark deleted [
493 silly reify   'C:\\Users\\thoma\\Documents\\New project\\web\\node_modules\\@rolldown\\binding-linux-arm64-musl'
493 silly reify ]
494 verbose reify failed optional dependency C:\Users\thoma\Documents\New project\web\node_modules\@rolldown\binding-linux-arm64-gnu
495 silly reify mark deleted [
495 silly reify   'C:\\Users\\thoma\\Documents\\New project\\web\\node_modules\\@rolldown\\binding-linux-arm64-gnu'
495 silly reify ]
496 verbose reify failed optional dependency C:\Users\thoma\Documents\New project\web\node_modules\@rolldown\binding-linux-arm-gnueabihf
497 silly reify mark deleted [
497 silly reify   'C:\\Users\\thoma\\Documents\\New project\\web\\node_modules\\@rolldown\\binding-linux-arm-gnueabihf'
497 silly reify ]
498 verbose reify failed optional dependency C:\Users\thoma\Documents\New project\web\node_modules\@rolldown\binding-freebsd-x64
499 silly reify mark deleted [
499 silly reify   'C:\\Users\\thoma\\Documents\\New project\\web\\node_modules\\@rolldown\\binding-freebsd-x64'
499 silly reify ]
500 verbose reify failed optional dependency C:\Users\thoma\Documents\New project\web\node_modules\@rolldown\binding-darwin-x64
501 silly reify mark deleted [
501 silly reify   'C:\\Users\\thoma\\Documents\\New project\\web\\node_modules\\@rolldown\\binding-darwin-x64'
501 silly reify ]
502 verbose reify failed optional dependency C:\Users\thoma\Documents\New project\web\node_modules\@rolldown\binding-darwin-arm64
503 silly reify mark deleted [
503 silly reify   'C:\\Users\\thoma\\Documents\\New project\\web\\node_modules\\@rolldown\\binding-darwin-arm64'
503 silly reify ]
504 verbose reify failed optional dependency C:\Users\thoma\Documents\New project\web\node_modules\@rolldown\binding-android-arm64
505 silly reify mark deleted [
505 silly reify   'C:\\Users\\thoma\\Documents\\New project\\web\\node_modules\\@rolldown\\binding-android-arm64'
505 silly reify ]
506 silly tarball no local data for require-from-string@https://registry.npmjs.org/require-from-string/-/require-from-string-2.0.2.tgz. Extracting by manifest.
507 silly tarball no local data for webgl-sdf-generator@https://registry.npmjs.org/webgl-sdf-generator/-/webgl-sdf-generator-1.1.1.tgz. Extracting by manifest.
508 silly tarball no local data for bidi-js@https://registry.npmjs.org/bidi-js/-/bidi-js-1.0.3.tgz. Extracting by manifest.
509 silly tarball no local data for troika-worker-utils@https://registry.npmjs.org/troika-worker-utils/-/troika-worker-utils-0.52.0.tgz. Extracting by manifest.
510 silly tarball no local data for @types/draco3d@https://registry.npmjs.org/@types/draco3d/-/draco3d-1.4.10.tgz. Extracting by manifest.
511 silly tarball no local data for potpack@https://registry.npmjs.org/potpack/-/potpack-1.0.2.tgz. Extracting by manifest.
512 silly tarball no local data for @types/react-reconciler@https://registry.npmjs.org/@types/react-reconciler/-/react-reconciler-0.28.9.tgz. Extracting by manifest.
513 silly tarball no local data for @types/offscreencanvas@https://registry.npmjs.org/@types/offscreencanvas/-/offscreencanvas-2019.7.3.tgz. Extracting by manifest.
514 silly tarball no local data for troika-three-utils@https://registry.npmjs.org/troika-three-utils/-/troika-three-utils-0.52.4.tgz. Extracting by manifest.
515 silly tarball no local data for draco3d@https://registry.npmjs.org/draco3d/-/draco3d-1.5.7.tgz. Extracting by manifest.
516 silly tarball no local data for immediate@https://registry.npmjs.org/immediate/-/immediate-3.0.6.tgz. Extracting by manifest.
517 silly tarball no local data for lie@https://registry.npmjs.org/lie/-/lie-3.3.0.tgz. Extracting by manifest.
518 silly tarball no local data for webgl-constants@https://registry.npmjs.org/webgl-constants/-/webgl-constants-1.1.1.tgz. Extracting by manifest.
519 silly tarball no local data for @use-gesture/core@https://registry.npmjs.org/@use-gesture/core/-/core-10.3.1.tgz. Extracting by manifest.
520 silly tarball no local data for is-promise@https://registry.npmjs.org/is-promise/-/is-promise-2.2.2.tgz. Extracting by manifest.
521 silly tarball no local data for @types/stats.js@https://registry.npmjs.org/@types/stats.js/-/stats.js-0.17.4.tgz. Extracting by manifest.
522 silly tarball no local data for meshoptimizer@https://registry.npmjs.org/meshoptimizer/-/meshoptimizer-1.1.1.tgz. Extracting by manifest.
523 silly tarball no local data for ieee754@https://registry.npmjs.org/ieee754/-/ieee754-1.2.1.tgz. Extracting by manifest.
524 silly tarball no local data for fflate@https://registry.npmjs.org/fflate/-/fflate-0.8.2.tgz. Extracting by manifest.
525 silly tarball no local data for @tweenjs/tween.js@https://registry.npmjs.org/@tweenjs/tween.js/-/tween.js-23.1.3.tgz. Extracting by manifest.
526 silly tarball no local data for @dimforge/rapier3d-compat@https://registry.npmjs.org/@dimforge/rapier3d-compat/-/rapier3d-compat-0.12.0.tgz. Extracting by manifest.
527 silly tarball no local data for its-fine@https://registry.npmjs.org/its-fine/-/its-fine-2.0.0.tgz. Extracting by manifest.
528 silly tarball no local data for @types/webxr@https://registry.npmjs.org/@types/webxr/-/webxr-0.5.24.tgz. Extracting by manifest.
529 silly tarball no local data for base64-js@https://registry.npmjs.org/base64-js/-/base64-js-1.5.1.tgz. Extracting by manifest.
530 silly tarball no local data for react-use-measure@https://registry.npmjs.org/react-use-measure/-/react-use-measure-2.1.7.tgz. Extracting by manifest.
531 silly tarball no local data for buffer@https://registry.npmjs.org/buffer/-/buffer-6.0.3.tgz. Extracting by manifest.
532 silly tarball no local data for promise-worker-transferable@https://registry.npmjs.org/promise-worker-transferable/-/promise-worker-transferable-1.0.4.tgz. Extracting by manifest.
533 silly tarball no local data for use-sync-external-store@https://registry.npmjs.org/use-sync-external-store/-/use-sync-external-store-1.6.0.tgz. Extracting by manifest.
534 silly tarball no local data for zustand@https://registry.npmjs.org/zustand/-/zustand-5.0.12.tgz. Extracting by manifest.
535 silly tarball no local data for utility-types@https://registry.npmjs.org/utility-types/-/utility-types-3.11.0.tgz. Extracting by manifest.
536 silly tarball no local data for three-mesh-bvh@https://registry.npmjs.org/three-mesh-bvh/-/three-mesh-bvh-0.8.3.tgz. Extracting by manifest.
537 silly tarball no local data for troika-three-text@https://registry.npmjs.org/troika-three-text/-/troika-three-text-0.52.4.tgz. Extracting by manifest.
538 silly tarball no local data for three-stdlib@https://registry.npmjs.org/three-stdlib/-/three-stdlib-2.36.1.tgz. Extracting by manifest.
539 silly tarball no local data for suspend-react@https://registry.npmjs.org/suspend-react/-/suspend-react-0.1.3.tgz. Extracting by manifest.
540 silly tarball no local data for stats-gl@https://registry.npmjs.org/stats-gl/-/stats-gl-2.4.2.tgz. Extracting by manifest.
541 silly tarball no local data for stats.js@https://registry.npmjs.org/stats.js/-/stats.js-0.17.0.tgz. Extracting by manifest.
542 silly tarball no local data for meshline@https://registry.npmjs.org/meshline/-/meshline-3.3.1.tgz. Extracting by manifest.
543 silly tarball no local data for @types/three@https://registry.npmjs.org/@types/three/-/three-0.184.0.tgz. Extracting by manifest.
544 silly tarball no local data for tunnel-rat@https://registry.npmjs.org/tunnel-rat/-/tunnel-rat-0.1.2.tgz. Extracting by manifest.
545 silly tarball no local data for hls.js@https://registry.npmjs.org/hls.js/-/hls.js-1.6.16.tgz. Extracting by manifest.
546 silly tarball no local data for maath@https://registry.npmjs.org/maath/-/maath-0.10.8.tgz. Extracting by manifest.
547 silly tarball no local data for detect-gpu@https://registry.npmjs.org/detect-gpu/-/detect-gpu-5.0.70.tgz. Extracting by manifest.
548 silly tarball no local data for camera-controls@https://registry.npmjs.org/camera-controls/-/camera-controls-3.1.0.tgz. Extracting by manifest.
549 silly tarball no local data for @use-gesture/react@https://registry.npmjs.org/@use-gesture/react/-/react-10.3.1.tgz. Extracting by manifest.
550 silly tarball no local data for @babel/runtime@https://registry.npmjs.org/@babel/runtime/-/runtime-7.29.2.tgz. Extracting by manifest.
551 silly tarball no local data for @mediapipe/tasks-vision@https://registry.npmjs.org/@mediapipe/tasks-vision/-/tasks-vision-0.10.17.tgz. Extracting by manifest.
552 silly tarball no local data for cross-env@https://registry.npmjs.org/cross-env/-/cross-env-7.0.3.tgz. Extracting by manifest.
553 silly tarball no local data for glsl-noise@https://registry.npmjs.org/glsl-noise/-/glsl-noise-0.0.0.tgz. Extracting by manifest.
554 silly tarball no local data for three@https://registry.npmjs.org/three/-/three-0.184.0.tgz. Extracting by manifest.
555 silly tarball no local data for @monogrid/gainmap-js@https://registry.npmjs.org/@monogrid/gainmap-js/-/gainmap-js-3.4.0.tgz. Extracting by manifest.
556 silly tarball no local data for @react-three/fiber@https://registry.npmjs.org/@react-three/fiber/-/fiber-9.6.0.tgz. Extracting by manifest.
557 silly tarball no local data for @react-three/drei@https://registry.npmjs.org/@react-three/drei/-/drei-10.7.7.tgz. Extracting by manifest.
558 silly tarball no local data for three@https://registry.npmjs.org/three/-/three-0.170.0.tgz. Extracting by manifest.
559 silly tarball no local data for zustand@https://registry.npmjs.org/zustand/-/zustand-4.5.7.tgz. Extracting by manifest.
560 silly tarball no local data for fflate@https://registry.npmjs.org/fflate/-/fflate-0.6.10.tgz. Extracting by manifest.
561 http fetch POST 200 https://registry.npmjs.org/-/npm/v1/security/advisories/bulk 205ms
562 silly audit report {}
563 http fetch GET 200 https://registry.npmjs.org/require-from-string/-/require-from-string-2.0.2.tgz 236ms (cache miss)
564 http fetch GET 200 https://registry.npmjs.org/potpack/-/potpack-1.0.2.tgz 233ms (cache miss)
565 http fetch GET 200 https://registry.npmjs.org/lie/-/lie-3.3.0.tgz 258ms (cache miss)
566 http fetch GET 200 https://registry.npmjs.org/@types/draco3d/-/draco3d-1.4.10.tgz 263ms (cache miss)
567 http fetch GET 200 https://registry.npmjs.org/ieee754/-/ieee754-1.2.1.tgz 266ms (cache miss)
568 http fetch GET 200 https://registry.npmjs.org/@types/offscreencanvas/-/offscreencanvas-2019.7.3.tgz 282ms (cache miss)
569 http fetch GET 200 https://registry.npmjs.org/is-promise/-/is-promise-2.2.2.tgz 280ms (cache miss)
570 http fetch GET 200 https://registry.npmjs.org/react-use-measure/-/react-use-measure-2.1.7.tgz 291ms (cache miss)
571 http fetch GET 200 https://registry.npmjs.org/promise-worker-transferable/-/promise-worker-transferable-1.0.4.tgz 307ms (cache miss)
572 http fetch GET 200 https://registry.npmjs.org/@types/stats.js/-/stats.js-0.17.4.tgz 336ms (cache miss)
573 http fetch GET 200 https://registry.npmjs.org/stats.js/-/stats.js-0.17.0.tgz 332ms (cache miss)
574 http fetch GET 200 https://registry.npmjs.org/base64-js/-/base64-js-1.5.1.tgz 351ms (cache miss)
575 http fetch GET 200 https://registry.npmjs.org/immediate/-/immediate-3.0.6.tgz 358ms (cache miss)
576 http fetch GET 200 https://registry.npmjs.org/tunnel-rat/-/tunnel-rat-0.1.2.tgz 355ms (cache miss)
577 http fetch GET 200 https://registry.npmjs.org/cross-env/-/cross-env-7.0.3.tgz 353ms (cache miss)
578 http fetch GET 200 https://registry.npmjs.org/@use-gesture/react/-/react-10.3.1.tgz 355ms (cache miss)
579 http fetch GET 200 https://registry.npmjs.org/buffer/-/buffer-6.0.3.tgz 382ms (cache miss)
580 http fetch GET 200 https://registry.npmjs.org/suspend-react/-/suspend-react-0.1.3.tgz 380ms (cache miss)
581 http fetch GET 200 https://registry.npmjs.org/@types/react-reconciler/-/react-reconciler-0.28.9.tgz 415ms (cache miss)
582 http fetch GET 200 https://registry.npmjs.org/webgl-sdf-generator/-/webgl-sdf-generator-1.1.1.tgz 436ms (cache miss)
583 http fetch GET 200 https://registry.npmjs.org/@tweenjs/tween.js/-/tween.js-23.1.3.tgz 435ms (cache miss)
584 http fetch GET 200 https://registry.npmjs.org/@types/webxr/-/webxr-0.5.24.tgz 441ms (cache miss)
585 http fetch GET 200 https://registry.npmjs.org/meshline/-/meshline-3.3.1.tgz 445ms (cache miss)
586 http fetch GET 200 https://registry.npmjs.org/its-fine/-/its-fine-2.0.0.tgz 470ms (cache miss)
587 http fetch GET 200 https://registry.npmjs.org/troika-worker-utils/-/troika-worker-utils-0.52.0.tgz 492ms (cache miss)
588 http fetch GET 200 https://registry.npmjs.org/glsl-noise/-/glsl-noise-0.0.0.tgz 502ms (cache miss)
589 http fetch GET 200 https://registry.npmjs.org/stats-gl/-/stats-gl-2.4.2.tgz 512ms (cache miss)
590 http fetch GET 200 https://registry.npmjs.org/use-sync-external-store/-/use-sync-external-store-1.6.0.tgz 548ms (cache miss)
591 http fetch GET 200 https://registry.npmjs.org/troika-three-utils/-/troika-three-utils-0.52.4.tgz 557ms (cache miss)
592 http fetch GET 200 https://registry.npmjs.org/bidi-js/-/bidi-js-1.0.3.tgz 589ms (cache miss)
593 http fetch GET 200 https://registry.npmjs.org/utility-types/-/utility-types-3.11.0.tgz 587ms (cache miss)
594 http fetch GET 200 https://registry.npmjs.org/camera-controls/-/camera-controls-3.1.0.tgz 580ms (cache miss)
595 http fetch GET 200 https://registry.npmjs.org/webgl-constants/-/webgl-constants-1.1.1.tgz 603ms (cache miss)
596 http fetch GET 200 https://registry.npmjs.org/meshoptimizer/-/meshoptimizer-1.1.1.tgz 618ms (cache miss)
597 http fetch GET 200 https://registry.npmjs.org/fflate/-/fflate-0.6.10.tgz 609ms (cache miss)
598 http fetch GET 200 https://registry.npmjs.org/draco3d/-/draco3d-1.5.7.tgz 637ms (cache miss)
599 http fetch GET 200 https://registry.npmjs.org/fflate/-/fflate-0.8.2.tgz 656ms (cache miss)
600 http fetch GET 200 https://registry.npmjs.org/troika-three-text/-/troika-three-text-0.52.4.tgz 732ms (cache miss)
601 http fetch GET 200 https://registry.npmjs.org/zustand/-/zustand-5.0.12.tgz 840ms (cache miss)
602 http fetch GET 200 https://registry.npmjs.org/detect-gpu/-/detect-gpu-5.0.70.tgz 846ms (cache miss)
603 http fetch GET 200 https://registry.npmjs.org/@react-three/fiber/-/fiber-9.6.0.tgz 962ms (cache miss)
604 http fetch GET 200 https://registry.npmjs.org/@use-gesture/core/-/core-10.3.1.tgz 1091ms (cache miss)
605 http fetch GET 200 https://registry.npmjs.org/@monogrid/gainmap-js/-/gainmap-js-3.4.0.tgz 1098ms (cache miss)
606 http fetch GET 200 https://registry.npmjs.org/three-mesh-bvh/-/three-mesh-bvh-0.8.3.tgz 1144ms (cache miss)
607 http fetch GET 200 https://registry.npmjs.org/maath/-/maath-0.10.8.tgz 1165ms (cache miss)
608 http fetch GET 200 https://registry.npmjs.org/zustand/-/zustand-4.5.7.tgz 1219ms (cache miss)
609 http fetch GET 200 https://registry.npmjs.org/@dimforge/rapier3d-compat/-/rapier3d-compat-0.12.0.tgz 1266ms (cache miss)
610 http fetch GET 200 https://registry.npmjs.org/@babel/runtime/-/runtime-7.29.2.tgz 1496ms (cache miss)
611 http fetch GET 200 https://registry.npmjs.org/@mediapipe/tasks-vision/-/tasks-vision-0.10.17.tgz 1570ms (cache miss)
612 http fetch GET 200 https://registry.npmjs.org/hls.js/-/hls.js-1.6.16.tgz 2054ms (cache miss)
613 http fetch GET 200 https://registry.npmjs.org/@react-three/drei/-/drei-10.7.7.tgz 2114ms (cache miss)
614 http fetch GET 200 https://registry.npmjs.org/@types/three/-/three-0.184.0.tgz 2849ms (cache miss)
615 http fetch GET 200 https://registry.npmjs.org/three/-/three-0.170.0.tgz 3545ms (cache miss)
616 http fetch GET 200 https://registry.npmjs.org/three/-/three-0.184.0.tgz 3796ms (cache miss)
617 http fetch GET 200 https://registry.npmjs.org/three-stdlib/-/three-stdlib-2.36.1.tgz 3835ms (cache miss)
618 silly ADD node_modules/require-from-string
619 silly ADD node_modules/webgl-sdf-generator
620 silly ADD node_modules/troika-worker-utils
621 silly ADD node_modules/troika-three-utils
622 silly ADD node_modules/bidi-js
623 silly ADD node_modules/potpack
624 silly ADD node_modules/draco3d
625 silly ADD node_modules/@types/offscreencanvas
626 silly ADD node_modules/@types/draco3d
627 silly ADD node_modules/immediate
628 silly ADD node_modules/lie
629 silly ADD node_modules/is-promise
630 silly ADD node_modules/@types/react-reconciler
631 silly ADD node_modules/webgl-constants
632 silly ADD node_modules/ieee754
633 silly ADD node_modules/@use-gesture/core
634 silly ADD node_modules/meshoptimizer
635 silly ADD node_modules/fflate
636 silly ADD node_modules/@types/stats.js
637 silly ADD node_modules/@tweenjs/tween.js
638 silly ADD node_modules/@dimforge/rapier3d-compat
639 silly ADD node_modules/react-use-measure
640 silly ADD node_modules/its-fine
641 silly ADD node_modules/buffer
642 silly ADD node_modules/base64-js
643 silly ADD node_modules/@types/webxr
644 silly ADD node_modules/promise-worker-transferable
645 silly ADD node_modules/zustand
646 silly ADD node_modules/utility-types
647 silly ADD node_modules/use-sync-external-store
648 silly ADD node_modules/tunnel-rat
649 silly ADD node_modules/tunnel-rat/node_modules/zustand
650 silly ADD node_modules/troika-three-text
651 silly ADD node_modules/three-stdlib
652 silly ADD node_modules/three-stdlib/node_modules/fflate
653 silly ADD node_modules/three-mesh-bvh
654 silly ADD node_modules/suspend-react
655 silly ADD node_modules/stats.js
656 silly ADD node_modules/stats-gl
657 silly ADD node_modules/stats-gl/node_modules/three
658 silly ADD node_modules/meshline
659 silly ADD node_modules/@types/three
660 silly ADD node_modules/maath
661 silly ADD node_modules/hls.js
662 silly ADD node_modules/glsl-noise
663 silly ADD node_modules/detect-gpu
664 silly ADD node_modules/cross-env
665 silly ADD node_modules/camera-controls
666 silly ADD node_modules/@use-gesture/react
667 silly ADD node_modules/@monogrid/gainmap-js
668 silly ADD node_modules/@mediapipe/tasks-vision
669 silly ADD node_modules/@babel/runtime
670 silly ADD node_modules/three
671 silly ADD node_modules/@react-three/fiber
672 silly ADD node_modules/@react-three/drei
673 silly ADD
674 silly ADD
675 silly ADD
676 silly ADD
677 silly ADD
678 silly ADD
679 silly ADD
680 silly ADD
681 silly ADD
682 silly ADD
683 silly ADD
684 silly ADD
685 silly ADD
686 silly ADD
687 silly ADD
688 silly ADD
689 silly ADD
690 silly ADD
691 silly ADD
692 silly ADD
693 silly ADD
694 silly ADD
695 silly ADD
696 silly ADD
697 silly ADD
698 silly ADD
699 silly ADD
700 silly ADD
701 silly ADD
702 silly ADD
703 silly ADD
704 verbose cwd C:\Users\thoma\Documents\New project\web
705 verbose os Windows_NT 10.0.26200
706 verbose node v20.19.0
707 verbose npm  v10.8.2
708 verbose exit 0
709 info ok
